Performing Curl Test HAVE_FSETXATTR_6 passed with the following output:
Change Dir: '/Users/hashim/Coding/other/mcpelauncher-manifest/build-macos/curl_ext-prefix/src/curl_ext-build/CMakeFiles/CMakeTmp'

Run Build Command(s): /opt/homebrew/bin/cmake -E env VERBOSE=1 /usr/bin/make -f Makefile cmTC_b3086/fast
/Applications/Xcode.app/Contents/Developer/usr/bin/make  -f CMakeFiles/cmTC_b3086.dir/build.make CMakeFiles/cmTC_b3086.dir/build
Building C object CMakeFiles/cmTC_b3086.dir/CurlTests.c.o
/usr/bin/cc   -pedantic -Wall -W -Wpointer-arith -Wwrite-strings -Wunused -Wshadow -Winline -Wnested-externs -Wmissing-declarations -Wmissing-prototypes -Wfloat-equal -Wsign-compare -Wundef -Wendif-labels -Wstrict-prototypes -Wdeclaration-after-statement -Wcast-align -Wtype-limits -Wempty-body -Wignored-qualifiers -Wconversion -Wvla -Wdouble-promotion -Wenum-conversion -Wno-long-long -Wno-multichar -Wno-format-nonliteral -Wno-sign-conversion -Wno-system-headers -DHAVE_FSETXATTR_6  -DHAVE_INTTYPES_H -DHAVE_SYS_FILIO_H -DHAVE_SYS_IOCTL_H -DHAVE_SYS_PARAM_H -DHAVE_SYS_POLL_H -DHAVE_SYS_RESOURCE_H -DHAVE_SYS_SELECT_H -DHAVE_SYS_SOCKET_H -DHAVE_SYS_SOCKIO_H -DHAVE_SYS_STAT_H -DHAVE_SYS_TIME_H -DHAVE_SYS_TYPES_H -DHAVE_SYS_UN_H -DHAVE_SYS_XATTR_H -DHAVE_ARPA_INET_H -DHAVE_ARPA_TFTP_H -DHAVE_FCNTL_H -DHAVE_IFADDRS_H -DHAVE_LIBGEN_H -DHAVE_LOCALE_H -DHAVE_NET_IF_H -DHAVE_NETDB_H -DHAVE_NETINET_IN_H -DHAVE_NETINET_TCP_H -DHAVE_POLL_H -DHAVE_PWD_H -DHAVE_SETJMP_H -DHAVE_SIGNAL_H -DHAVE_STDATOMIC_H -DHAVE_STDBOOL_H -DHAVE_STDINT_H -DHAVE_STDLIB_H -DHAVE_STRING_H -DHAVE_STRINGS_H -DHAVE_TERMIOS_H -DHAVE_TIME_H -DHAVE_UNISTD_H -DHAVE_UTIME_H -DHAVE_STDDEF_H -DHAVE_SYS_UTSNAME_H -arch arm64 -MD -MT CMakeFiles/cmTC_b3086.dir/CurlTests.c.o -MF CMakeFiles/cmTC_b3086.dir/CurlTests.c.o.d -o CMakeFiles/cmTC_b3086.dir/CurlTests.c.o -c /Users/hashim/Coding/other/mcpelauncher-manifest/build-macos/curl_ext-prefix/src/curl_ext/CMake/CurlTests.c
/Users/hashim/Coding/other/mcpelauncher-manifest/build-macos/curl_ext-prefix/src/curl_ext/CMake/CurlTests.c:422:5: warning: a function declaration without a prototype is deprecated in all versions of C [-Wstrict-prototypes]
  422 | main() {
      |     ^
      |      void
1 warning generated.
Linking C executable cmTC_b3086
/opt/homebrew/bin/cmake -E cmake_link_script CMakeFiles/cmTC_b3086.dir/link.txt --verbose=1
/usr/bin/cc  -pedantic -Wall -W -Wpointer-arith -Wwrite-strings -Wunused -Wshadow -Winline -Wnested-externs -Wmissing-declarations -Wmissing-prototypes -Wfloat-equal -Wsign-compare -Wundef -Wendif-labels -Wstrict-prototypes -Wdeclaration-after-statement -Wcast-align -Wtype-limits -Wempty-body -Wignored-qualifiers -Wconversion -Wvla -Wdouble-promotion -Wenum-conversion -Wno-long-long -Wno-multichar -Wno-format-nonliteral -Wno-sign-conversion -Wno-system-headers -DHAVE_FSETXATTR_6  -DHAVE_INTTYPES_H -DHAVE_SYS_FILIO_H -DHAVE_SYS_IOCTL_H -DHAVE_SYS_PARAM_H -DHAVE_SYS_POLL_H -DHAVE_SYS_RESOURCE_H -DHAVE_SYS_SELECT_H -DHAVE_SYS_SOCKET_H -DHAVE_SYS_SOCKIO_H -DHAVE_SYS_STAT_H -DHAVE_SYS_TIME_H -DHAVE_SYS_TYPES_H -DHAVE_SYS_UN_H -DHAVE_SYS_XATTR_H -DHAVE_ARPA_INET_H -DHAVE_ARPA_TFTP_H -DHAVE_FCNTL_H -DHAVE_IFADDRS_H -DHAVE_LIBGEN_H -DHAVE_LOCALE_H -DHAVE_NET_IF_H -DHAVE_NETDB_H -DHAVE_NETINET_IN_H -DHAVE_NETINET_TCP_H -DHAVE_POLL_H -DHAVE_PWD_H -DHAVE_SETJMP_H -DHAVE_SIGNAL_H -DHAVE_STDATOMIC_H -DHAVE_STDBOOL_H -DHAVE_STDINT_H -DHAVE_STDLIB_H -DHAVE_STRING_H -DHAVE_STRINGS_H -DHAVE_TERMIOS_H -DHAVE_TIME_H -DHAVE_UNISTD_H -DHAVE_UTIME_H -DHAVE_STDDEF_H -DHAVE_SYS_UTSNAME_H -arch arm64 -Wl,-search_paths_first -Wl,-headerpad_max_install_names CMakeFiles/cmTC_b3086.dir/CurlTests.c.o -o cmTC_b3086


Performing Curl Test HAVE_FCNTL_O_NONBLOCK passed with the following output:
Change Dir: '/Users/hashim/Coding/other/mcpelauncher-manifest/build-macos/curl_ext-prefix/src/curl_ext-build/CMakeFiles/CMakeTmp'

Run Build Command(s): /opt/homebrew/bin/cmake -E env VERBOSE=1 /usr/bin/make -f Makefile cmTC_9c1b1/fast
/Applications/Xcode.app/Contents/Developer/usr/bin/make  -f CMakeFiles/cmTC_9c1b1.dir/build.make CMakeFiles/cmTC_9c1b1.dir/build
Building C object CMakeFiles/cmTC_9c1b1.dir/CurlTests.c.o
/usr/bin/cc   -pedantic -Wall -W -Wpointer-arith -Wwrite-strings -Wunused -Wshadow -Winline -Wnested-externs -Wmissing-declarations -Wmissing-prototypes -Wfloat-equal -Wsign-compare -Wundef -Wendif-labels -Wstrict-prototypes -Wdeclaration-after-statement -Wcast-align -Wtype-limits -Wempty-body -Wignored-qualifiers -Wconversion -Wvla -Wdouble-promotion -Wenum-conversion -Wno-long-long -Wno-multichar -Wno-format-nonliteral -Wno-sign-conversion -Wno-system-headers -DHAVE_FCNTL_O_NONBLOCK  -DHAVE_INTTYPES_H -DHAVE_SYS_FILIO_H -DHAVE_SYS_IOCTL_H -DHAVE_SYS_PARAM_H -DHAVE_SYS_POLL_H -DHAVE_SYS_RESOURCE_H -DHAVE_SYS_SELECT_H -DHAVE_SYS_SOCKET_H -DHAVE_SYS_SOCKIO_H -DHAVE_SYS_STAT_H -DHAVE_SYS_TIME_H -DHAVE_SYS_TYPES_H -DHAVE_SYS_UN_H -DHAVE_SYS_XATTR_H -DHAVE_ARPA_INET_H -DHAVE_ARPA_TFTP_H -DHAVE_FCNTL_H -DHAVE_IFADDRS_H -DHAVE_LIBGEN_H -DHAVE_LOCALE_H -DHAVE_NET_IF_H -DHAVE_NETDB_H -DHAVE_NETINET_IN_H -DHAVE_NETINET_TCP_H -DHAVE_POLL_H -DHAVE_PWD_H -DHAVE_SETJMP_H -DHAVE_SIGNAL_H -DHAVE_STDATOMIC_H -DHAVE_STDBOOL_H -DHAVE_STDINT_H -DHAVE_STDLIB_H -DHAVE_STRING_H -DHAVE_STRINGS_H -DHAVE_TERMIOS_H -DHAVE_TIME_H -DHAVE_UNISTD_H -DHAVE_UTIME_H -DHAVE_STDDEF_H -DHAVE_SYS_UTSNAME_H -arch arm64 -MD -MT CMakeFiles/cmTC_9c1b1.dir/CurlTests.c.o -MF CMakeFiles/cmTC_9c1b1.dir/CurlTests.c.o.d -o CMakeFiles/cmTC_9c1b1.dir/CurlTests.c.o -c /Users/hashim/Coding/other/mcpelauncher-manifest/build-macos/curl_ext-prefix/src/curl_ext/CMake/CurlTests.c
/Users/hashim/Coding/other/mcpelauncher-manifest/build-macos/curl_ext-prefix/src/curl_ext/CMake/CurlTests.c:66:6: warning: a function declaration without a prototype is deprecated in all versions of C [-Wstrict-prototypes]
   66 | main ()
      |      ^
      |       void
1 warning generated.
Linking C executable cmTC_9c1b1
/opt/homebrew/bin/cmake -E cmake_link_script CMakeFiles/cmTC_9c1b1.dir/link.txt --verbose=1
/usr/bin/cc  -pedantic -Wall -W -Wpointer-arith -Wwrite-strings -Wunused -Wshadow -Winline -Wnested-externs -Wmissing-declarations -Wmissing-prototypes -Wfloat-equal -Wsign-compare -Wundef -Wendif-labels -Wstrict-prototypes -Wdeclaration-after-statement -Wcast-align -Wtype-limits -Wempty-body -Wignored-qualifiers -Wconversion -Wvla -Wdouble-promotion -Wenum-conversion -Wno-long-long -Wno-multichar -Wno-format-nonliteral -Wno-sign-conversion -Wno-system-headers -DHAVE_FCNTL_O_NONBLOCK  -DHAVE_INTTYPES_H -DHAVE_SYS_FILIO_H -DHAVE_SYS_IOCTL_H -DHAVE_SYS_PARAM_H -DHAVE_SYS_POLL_H -DHAVE_SYS_RESOURCE_H -DHAVE_SYS_SELECT_H -DHAVE_SYS_SOCKET_H -DHAVE_SYS_SOCKIO_H -DHAVE_SYS_STAT_H -DHAVE_SYS_TIME_H -DHAVE_SYS_TYPES_H -DHAVE_SYS_UN_H -DHAVE_SYS_XATTR_H -DHAVE_ARPA_INET_H -DHAVE_ARPA_TFTP_H -DHAVE_FCNTL_H -DHAVE_IFADDRS_H -DHAVE_LIBGEN_H -DHAVE_LOCALE_H -DHAVE_NET_IF_H -DHAVE_NETDB_H -DHAVE_NETINET_IN_H -DHAVE_NETINET_TCP_H -DHAVE_POLL_H -DHAVE_PWD_H -DHAVE_SETJMP_H -DHAVE_SIGNAL_H -DHAVE_STDATOMIC_H -DHAVE_STDBOOL_H -DHAVE_STDINT_H -DHAVE_STDLIB_H -DHAVE_STRING_H -DHAVE_STRINGS_H -DHAVE_TERMIOS_H -DHAVE_TIME_H -DHAVE_UNISTD_H -DHAVE_UTIME_H -DHAVE_STDDEF_H -DHAVE_SYS_UTSNAME_H -arch arm64 -Wl,-search_paths_first -Wl,-headerpad_max_install_names CMakeFiles/cmTC_9c1b1.dir/CurlTests.c.o -o cmTC_9c1b1


Performing Curl Test HAVE_IOCTL_FIONBIO passed with the following output:
Change Dir: '/Users/hashim/Coding/other/mcpelauncher-manifest/build-macos/curl_ext-prefix/src/curl_ext-build/CMakeFiles/CMakeTmp'

Run Build Command(s): /opt/homebrew/bin/cmake -E env VERBOSE=1 /usr/bin/make -f Makefile cmTC_0b07b/fast
/Applications/Xcode.app/Contents/Developer/usr/bin/make  -f CMakeFiles/cmTC_0b07b.dir/build.make CMakeFiles/cmTC_0b07b.dir/build
Building C object CMakeFiles/cmTC_0b07b.dir/CurlTests.c.o
/usr/bin/cc   -pedantic -Wall -W -Wpointer-arith -Wwrite-strings -Wunused -Wshadow -Winline -Wnested-externs -Wmissing-declarations -Wmissing-prototypes -Wfloat-equal -Wsign-compare -Wundef -Wendif-labels -Wstrict-prototypes -Wdeclaration-after-statement -Wcast-align -Wtype-limits -Wempty-body -Wignored-qualifiers -Wconversion -Wvla -Wdouble-promotion -Wenum-conversion -Wno-long-long -Wno-multichar -Wno-format-nonliteral -Wno-sign-conversion -Wno-system-headers -DHAVE_IOCTL_FIONBIO  -DHAVE_INTTYPES_H -DHAVE_SYS_FILIO_H -DHAVE_SYS_IOCTL_H -DHAVE_SYS_PARAM_H -DHAVE_SYS_POLL_H -DHAVE_SYS_RESOURCE_H -DHAVE_SYS_SELECT_H -DHAVE_SYS_SOCKET_H -DHAVE_SYS_SOCKIO_H -DHAVE_SYS_STAT_H -DHAVE_SYS_TIME_H -DHAVE_SYS_TYPES_H -DHAVE_SYS_UN_H -DHAVE_SYS_XATTR_H -DHAVE_ARPA_INET_H -DHAVE_ARPA_TFTP_H -DHAVE_FCNTL_H -DHAVE_IFADDRS_H -DHAVE_LIBGEN_H -DHAVE_LOCALE_H -DHAVE_NET_IF_H -DHAVE_NETDB_H -DHAVE_NETINET_IN_H -DHAVE_NETINET_TCP_H -DHAVE_POLL_H -DHAVE_PWD_H -DHAVE_SETJMP_H -DHAVE_SIGNAL_H -DHAVE_STDATOMIC_H -DHAVE_STDBOOL_H -DHAVE_STDINT_H -DHAVE_STDLIB_H -DHAVE_STRING_H -DHAVE_STRINGS_H -DHAVE_TERMIOS_H -DHAVE_TIME_H -DHAVE_UNISTD_H -DHAVE_UTIME_H -DHAVE_STDDEF_H -DHAVE_SYS_UTSNAME_H -arch arm64 -MD -MT CMakeFiles/cmTC_0b07b.dir/CurlTests.c.o -MF CMakeFiles/cmTC_0b07b.dir/CurlTests.c.o.d -o CMakeFiles/cmTC_0b07b.dir/CurlTests.c.o -c /Users/hashim/Coding/other/mcpelauncher-manifest/build-macos/curl_ext-prefix/src/curl_ext/CMake/CurlTests.c
/Users/hashim/Coding/other/mcpelauncher-manifest/build-macos/curl_ext-prefix/src/curl_ext/CMake/CurlTests.c:319:6: warning: a function declaration without a prototype is deprecated in all versions of C [-Wstrict-prototypes]
  319 | main ()
      |      ^
      |       void
1 warning generated.
Linking C executable cmTC_0b07b
/opt/homebrew/bin/cmake -E cmake_link_script CMakeFiles/cmTC_0b07b.dir/link.txt --verbose=1
/usr/bin/cc  -pedantic -Wall -W -Wpointer-arith -Wwrite-strings -Wunused -Wshadow -Winline -Wnested-externs -Wmissing-declarations -Wmissing-prototypes -Wfloat-equal -Wsign-compare -Wundef -Wendif-labels -Wstrict-prototypes -Wdeclaration-after-statement -Wcast-align -Wtype-limits -Wempty-body -Wignored-qualifiers -Wconversion -Wvla -Wdouble-promotion -Wenum-conversion -Wno-long-long -Wno-multichar -Wno-format-nonliteral -Wno-sign-conversion -Wno-system-headers -DHAVE_IOCTL_FIONBIO  -DHAVE_INTTYPES_H -DHAVE_SYS_FILIO_H -DHAVE_SYS_IOCTL_H -DHAVE_SYS_PARAM_H -DHAVE_SYS_POLL_H -DHAVE_SYS_RESOURCE_H -DHAVE_SYS_SELECT_H -DHAVE_SYS_SOCKET_H -DHAVE_SYS_SOCKIO_H -DHAVE_SYS_STAT_H -DHAVE_SYS_TIME_H -DHAVE_SYS_TYPES_H -DHAVE_SYS_UN_H -DHAVE_SYS_XATTR_H -DHAVE_ARPA_INET_H -DHAVE_ARPA_TFTP_H -DHAVE_FCNTL_H -DHAVE_IFADDRS_H -DHAVE_LIBGEN_H -DHAVE_LOCALE_H -DHAVE_NET_IF_H -DHAVE_NETDB_H -DHAVE_NETINET_IN_H -DHAVE_NETINET_TCP_H -DHAVE_POLL_H -DHAVE_PWD_H -DHAVE_SETJMP_H -DHAVE_SIGNAL_H -DHAVE_STDATOMIC_H -DHAVE_STDBOOL_H -DHAVE_STDINT_H -DHAVE_STDLIB_H -DHAVE_STRING_H -DHAVE_STRINGS_H -DHAVE_TERMIOS_H -DHAVE_TIME_H -DHAVE_UNISTD_H -DHAVE_UTIME_H -DHAVE_STDDEF_H -DHAVE_SYS_UTSNAME_H -arch arm64 -Wl,-search_paths_first -Wl,-headerpad_max_install_names CMakeFiles/cmTC_0b07b.dir/CurlTests.c.o -o cmTC_0b07b


Performing Curl Test HAVE_IOCTL_SIOCGIFADDR passed with the following output:
Change Dir: '/Users/hashim/Coding/other/mcpelauncher-manifest/build-macos/curl_ext-prefix/src/curl_ext-build/CMakeFiles/CMakeTmp'

Run Build Command(s): /opt/homebrew/bin/cmake -E env VERBOSE=1 /usr/bin/make -f Makefile cmTC_12802/fast
/Applications/Xcode.app/Contents/Developer/usr/bin/make  -f CMakeFiles/cmTC_12802.dir/build.make CMakeFiles/cmTC_12802.dir/build
Building C object CMakeFiles/cmTC_12802.dir/CurlTests.c.o
/usr/bin/cc   -pedantic -Wall -W -Wpointer-arith -Wwrite-strings -Wunused -Wshadow -Winline -Wnested-externs -Wmissing-declarations -Wmissing-prototypes -Wfloat-equal -Wsign-compare -Wundef -Wendif-labels -Wstrict-prototypes -Wdeclaration-after-statement -Wcast-align -Wtype-limits -Wempty-body -Wignored-qualifiers -Wconversion -Wvla -Wdouble-promotion -Wenum-conversion -Wno-long-long -Wno-multichar -Wno-format-nonliteral -Wno-sign-conversion -Wno-system-headers -DHAVE_IOCTL_SIOCGIFADDR  -DHAVE_INTTYPES_H -DHAVE_SYS_FILIO_H -DHAVE_SYS_IOCTL_H -DHAVE_SYS_PARAM_H -DHAVE_SYS_POLL_H -DHAVE_SYS_RESOURCE_H -DHAVE_SYS_SELECT_H -DHAVE_SYS_SOCKET_H -DHAVE_SYS_SOCKIO_H -DHAVE_SYS_STAT_H -DHAVE_SYS_TIME_H -DHAVE_SYS_TYPES_H -DHAVE_SYS_UN_H -DHAVE_SYS_XATTR_H -DHAVE_ARPA_INET_H -DHAVE_ARPA_TFTP_H -DHAVE_FCNTL_H -DHAVE_IFADDRS_H -DHAVE_LIBGEN_H -DHAVE_LOCALE_H -DHAVE_NET_IF_H -DHAVE_NETDB_H -DHAVE_NETINET_IN_H -DHAVE_NETINET_TCP_H -DHAVE_POLL_H -DHAVE_PWD_H -DHAVE_SETJMP_H -DHAVE_SIGNAL_H -DHAVE_STDATOMIC_H -DHAVE_STDBOOL_H -DHAVE_STDINT_H -DHAVE_STDLIB_H -DHAVE_STRING_H -DHAVE_STRINGS_H -DHAVE_TERMIOS_H -DHAVE_TIME_H -DHAVE_UNISTD_H -DHAVE_UTIME_H -DHAVE_STDDEF_H -DHAVE_SYS_UTSNAME_H -arch arm64 -MD -MT CMakeFiles/cmTC_12802.dir/CurlTests.c.o -MF CMakeFiles/cmTC_12802.dir/CurlTests.c.o.d -o CMakeFiles/cmTC_12802.dir/CurlTests.c.o -c /Users/hashim/Coding/other/mcpelauncher-manifest/build-macos/curl_ext-prefix/src/curl_ext/CMake/CurlTests.c
/Users/hashim/Coding/other/mcpelauncher-manifest/build-macos/curl_ext-prefix/src/curl_ext/CMake/CurlTests.c:351:6: warning: a function declaration without a prototype is deprecated in all versions of C [-Wstrict-prototypes]
  351 | main ()
      |      ^
      |       void
1 warning generated.
Linking C executable cmTC_12802
/opt/homebrew/bin/cmake -E cmake_link_script CMakeFiles/cmTC_12802.dir/link.txt --verbose=1
/usr/bin/cc  -pedantic -Wall -W -Wpointer-arith -Wwrite-strings -Wunused -Wshadow -Winline -Wnested-externs -Wmissing-declarations -Wmissing-prototypes -Wfloat-equal -Wsign-compare -Wundef -Wendif-labels -Wstrict-prototypes -Wdeclaration-after-statement -Wcast-align -Wtype-limits -Wempty-body -Wignored-qualifiers -Wconversion -Wvla -Wdouble-promotion -Wenum-conversion -Wno-long-long -Wno-multichar -Wno-format-nonliteral -Wno-sign-conversion -Wno-system-headers -DHAVE_IOCTL_SIOCGIFADDR  -DHAVE_INTTYPES_H -DHAVE_SYS_FILIO_H -DHAVE_SYS_IOCTL_H -DHAVE_SYS_PARAM_H -DHAVE_SYS_POLL_H -DHAVE_SYS_RESOURCE_H -DHAVE_SYS_SELECT_H -DHAVE_SYS_SOCKET_H -DHAVE_SYS_SOCKIO_H -DHAVE_SYS_STAT_H -DHAVE_SYS_TIME_H -DHAVE_SYS_TYPES_H -DHAVE_SYS_UN_H -DHAVE_SYS_XATTR_H -DHAVE_ARPA_INET_H -DHAVE_ARPA_TFTP_H -DHAVE_FCNTL_H -DHAVE_IFADDRS_H -DHAVE_LIBGEN_H -DHAVE_LOCALE_H -DHAVE_NET_IF_H -DHAVE_NETDB_H -DHAVE_NETINET_IN_H -DHAVE_NETINET_TCP_H -DHAVE_POLL_H -DHAVE_PWD_H -DHAVE_SETJMP_H -DHAVE_SIGNAL_H -DHAVE_STDATOMIC_H -DHAVE_STDBOOL_H -DHAVE_STDINT_H -DHAVE_STDLIB_H -DHAVE_STRING_H -DHAVE_STRINGS_H -DHAVE_TERMIOS_H -DHAVE_TIME_H -DHAVE_UNISTD_H -DHAVE_UTIME_H -DHAVE_STDDEF_H -DHAVE_SYS_UTSNAME_H -arch arm64 -Wl,-search_paths_first -Wl,-headerpad_max_install_names CMakeFiles/cmTC_12802.dir/CurlTests.c.o -o cmTC_12802


Performing Curl Test TIME_WITH_SYS_TIME passed with the following output:
Change Dir: '/Users/hashim/Coding/other/mcpelauncher-manifest/build-macos/curl_ext-prefix/src/curl_ext-build/CMakeFiles/CMakeTmp'

Run Build Command(s): /opt/homebrew/bin/cmake -E env VERBOSE=1 /usr/bin/make -f Makefile cmTC_f1a30/fast
/Applications/Xcode.app/Contents/Developer/usr/bin/make  -f CMakeFiles/cmTC_f1a30.dir/build.make CMakeFiles/cmTC_f1a30.dir/build
Building C object CMakeFiles/cmTC_f1a30.dir/CurlTests.c.o
/usr/bin/cc   -pedantic -Wall -W -Wpointer-arith -Wwrite-strings -Wunused -Wshadow -Winline -Wnested-externs -Wmissing-declarations -Wmissing-prototypes -Wfloat-equal -Wsign-compare -Wundef -Wendif-labels -Wstrict-prototypes -Wdeclaration-after-statement -Wcast-align -Wtype-limits -Wempty-body -Wignored-qualifiers -Wconversion -Wvla -Wdouble-promotion -Wenum-conversion -Wno-long-long -Wno-multichar -Wno-format-nonliteral -Wno-sign-conversion -Wno-system-headers -DTIME_WITH_SYS_TIME  -DHAVE_INTTYPES_H -DHAVE_SYS_FILIO_H -DHAVE_SYS_IOCTL_H -DHAVE_SYS_PARAM_H -DHAVE_SYS_POLL_H -DHAVE_SYS_RESOURCE_H -DHAVE_SYS_SELECT_H -DHAVE_SYS_SOCKET_H -DHAVE_SYS_SOCKIO_H -DHAVE_SYS_STAT_H -DHAVE_SYS_TIME_H -DHAVE_SYS_TYPES_H -DHAVE_SYS_UN_H -DHAVE_SYS_XATTR_H -DHAVE_ARPA_INET_H -DHAVE_ARPA_TFTP_H -DHAVE_FCNTL_H -DHAVE_IFADDRS_H -DHAVE_LIBGEN_H -DHAVE_LOCALE_H -DHAVE_NET_IF_H -DHAVE_NETDB_H -DHAVE_NETINET_IN_H -DHAVE_NETINET_TCP_H -DHAVE_POLL_H -DHAVE_PWD_H -DHAVE_SETJMP_H -DHAVE_SIGNAL_H -DHAVE_STDATOMIC_H -DHAVE_STDBOOL_H -DHAVE_STDINT_H -DHAVE_STDLIB_H -DHAVE_STRING_H -DHAVE_STRINGS_H -DHAVE_TERMIOS_H -DHAVE_TIME_H -DHAVE_UNISTD_H -DHAVE_UTIME_H -DHAVE_STDDEF_H -DHAVE_SYS_UTSNAME_H -arch arm64 -MD -MT CMakeFiles/cmTC_f1a30.dir/CurlTests.c.o -MF CMakeFiles/cmTC_f1a30.dir/CurlTests.c.o.d -o CMakeFiles/cmTC_f1a30.dir/CurlTests.c.o -c /Users/hashim/Coding/other/mcpelauncher-manifest/build-macos/curl_ext-prefix/src/curl_ext/CMake/CurlTests.c
/Users/hashim/Coding/other/mcpelauncher-manifest/build-macos/curl_ext-prefix/src/curl_ext/CMake/CurlTests.c:32:6: warning: a function declaration without a prototype is deprecated in all versions of C [-Wstrict-prototypes]
   32 | main ()
      |      ^
      |       void
1 warning generated.
Linking C executable cmTC_f1a30
/opt/homebrew/bin/cmake -E cmake_link_script CMakeFiles/cmTC_f1a30.dir/link.txt --verbose=1
/usr/bin/cc  -pedantic -Wall -W -Wpointer-arith -Wwrite-strings -Wunused -Wshadow -Winline -Wnested-externs -Wmissing-declarations -Wmissing-prototypes -Wfloat-equal -Wsign-compare -Wundef -Wendif-labels -Wstrict-prototypes -Wdeclaration-after-statement -Wcast-align -Wtype-limits -Wempty-body -Wignored-qualifiers -Wconversion -Wvla -Wdouble-promotion -Wenum-conversion -Wno-long-long -Wno-multichar -Wno-format-nonliteral -Wno-sign-conversion -Wno-system-headers -DTIME_WITH_SYS_TIME  -DHAVE_INTTYPES_H -DHAVE_SYS_FILIO_H -DHAVE_SYS_IOCTL_H -DHAVE_SYS_PARAM_H -DHAVE_SYS_POLL_H -DHAVE_SYS_RESOURCE_H -DHAVE_SYS_SELECT_H -DHAVE_SYS_SOCKET_H -DHAVE_SYS_SOCKIO_H -DHAVE_SYS_STAT_H -DHAVE_SYS_TIME_H -DHAVE_SYS_TYPES_H -DHAVE_SYS_UN_H -DHAVE_SYS_XATTR_H -DHAVE_ARPA_INET_H -DHAVE_ARPA_TFTP_H -DHAVE_FCNTL_H -DHAVE_IFADDRS_H -DHAVE_LIBGEN_H -DHAVE_LOCALE_H -DHAVE_NET_IF_H -DHAVE_NETDB_H -DHAVE_NETINET_IN_H -DHAVE_NETINET_TCP_H -DHAVE_POLL_H -DHAVE_PWD_H -DHAVE_SETJMP_H -DHAVE_SIGNAL_H -DHAVE_STDATOMIC_H -DHAVE_STDBOOL_H -DHAVE_STDINT_H -DHAVE_STDLIB_H -DHAVE_STRING_H -DHAVE_STRINGS_H -DHAVE_TERMIOS_H -DHAVE_TIME_H -DHAVE_UNISTD_H -DHAVE_UTIME_H -DHAVE_STDDEF_H -DHAVE_SYS_UTSNAME_H -arch arm64 -Wl,-search_paths_first -Wl,-headerpad_max_install_names CMakeFiles/cmTC_f1a30.dir/CurlTests.c.o -o cmTC_f1a30


Performing Curl Test HAVE_IN_ADDR_T passed with the following output:
Change Dir: '/Users/hashim/Coding/other/mcpelauncher-manifest/build-macos/curl_ext-prefix/src/curl_ext-build/CMakeFiles/CMakeTmp'

Run Build Command(s): /opt/homebrew/bin/cmake -E env VERBOSE=1 /usr/bin/make -f Makefile cmTC_65ce6/fast
/Applications/Xcode.app/Contents/Developer/usr/bin/make  -f CMakeFiles/cmTC_65ce6.dir/build.make CMakeFiles/cmTC_65ce6.dir/build
Building C object CMakeFiles/cmTC_65ce6.dir/CurlTests.c.o
/usr/bin/cc   -pedantic -Wall -W -Wpointer-arith -Wwrite-strings -Wunused -Wshadow -Winline -Wnested-externs -Wmissing-declarations -Wmissing-prototypes -Wfloat-equal -Wsign-compare -Wundef -Wendif-labels -Wstrict-prototypes -Wdeclaration-after-statement -Wcast-align -Wtype-limits -Wempty-body -Wignored-qualifiers -Wconversion -Wvla -Wdouble-promotion -Wenum-conversion -Wno-long-long -Wno-multichar -Wno-format-nonliteral -Wno-sign-conversion -Wno-system-headers -DHAVE_IN_ADDR_T  -DHAVE_INTTYPES_H -DHAVE_SYS_FILIO_H -DHAVE_SYS_IOCTL_H -DHAVE_SYS_PARAM_H -DHAVE_SYS_POLL_H -DHAVE_SYS_RESOURCE_H -DHAVE_SYS_SELECT_H -DHAVE_SYS_SOCKET_H -DHAVE_SYS_SOCKIO_H -DHAVE_SYS_STAT_H -DHAVE_SYS_TIME_H -DHAVE_SYS_TYPES_H -DHAVE_SYS_UN_H -DHAVE_SYS_XATTR_H -DHAVE_ARPA_INET_H -DHAVE_ARPA_TFTP_H -DHAVE_FCNTL_H -DHAVE_IFADDRS_H -DHAVE_LIBGEN_H -DHAVE_LOCALE_H -DHAVE_NET_IF_H -DHAVE_NETDB_H -DHAVE_NETINET_IN_H -DHAVE_NETINET_TCP_H -DHAVE_POLL_H -DHAVE_PWD_H -DHAVE_SETJMP_H -DHAVE_SIGNAL_H -DHAVE_STDATOMIC_H -DHAVE_STDBOOL_H -DHAVE_STDINT_H -DHAVE_STDLIB_H -DHAVE_STRING_H -DHAVE_STRINGS_H -DHAVE_TERMIOS_H -DHAVE_TIME_H -DHAVE_UNISTD_H -DHAVE_UTIME_H -DHAVE_STDDEF_H -DHAVE_SYS_UTSNAME_H -arch arm64 -MD -MT CMakeFiles/cmTC_65ce6.dir/CurlTests.c.o -MF CMakeFiles/cmTC_65ce6.dir/CurlTests.c.o.d -o CMakeFiles/cmTC_65ce6.dir/CurlTests.c.o -c /Users/hashim/Coding/other/mcpelauncher-manifest/build-macos/curl_ext-prefix/src/curl_ext/CMake/CurlTests.c
/Users/hashim/Coding/other/mcpelauncher-manifest/build-macos/curl_ext-prefix/src/curl_ext/CMake/CurlTests.c:152:6: warning: a function declaration without a prototype is deprecated in all versions of C [-Wstrict-prototypes]
  152 | main ()
      |      ^
      |       void
1 warning generated.
Linking C executable cmTC_65ce6
/opt/homebrew/bin/cmake -E cmake_link_script CMakeFiles/cmTC_65ce6.dir/link.txt --verbose=1
/usr/bin/cc  -pedantic -Wall -W -Wpointer-arith -Wwrite-strings -Wunused -Wshadow -Winline -Wnested-externs -Wmissing-declarations -Wmissing-prototypes -Wfloat-equal -Wsign-compare -Wundef -Wendif-labels -Wstrict-prototypes -Wdeclaration-after-statement -Wcast-align -Wtype-limits -Wempty-body -Wignored-qualifiers -Wconversion -Wvla -Wdouble-promotion -Wenum-conversion -Wno-long-long -Wno-multichar -Wno-format-nonliteral -Wno-sign-conversion -Wno-system-headers -DHAVE_IN_ADDR_T  -DHAVE_INTTYPES_H -DHAVE_SYS_FILIO_H -DHAVE_SYS_IOCTL_H -DHAVE_SYS_PARAM_H -DHAVE_SYS_POLL_H -DHAVE_SYS_RESOURCE_H -DHAVE_SYS_SELECT_H -DHAVE_SYS_SOCKET_H -DHAVE_SYS_SOCKIO_H -DHAVE_SYS_STAT_H -DHAVE_SYS_TIME_H -DHAVE_SYS_TYPES_H -DHAVE_SYS_UN_H -DHAVE_SYS_XATTR_H -DHAVE_ARPA_INET_H -DHAVE_ARPA_TFTP_H -DHAVE_FCNTL_H -DHAVE_IFADDRS_H -DHAVE_LIBGEN_H -DHAVE_LOCALE_H -DHAVE_NET_IF_H -DHAVE_NETDB_H -DHAVE_NETINET_IN_H -DHAVE_NETINET_TCP_H -DHAVE_POLL_H -DHAVE_PWD_H -DHAVE_SETJMP_H -DHAVE_SIGNAL_H -DHAVE_STDATOMIC_H -DHAVE_STDBOOL_H -DHAVE_STDINT_H -DHAVE_STDLIB_H -DHAVE_STRING_H -DHAVE_STRINGS_H -DHAVE_TERMIOS_H -DHAVE_TIME_H -DHAVE_UNISTD_H -DHAVE_UTIME_H -DHAVE_STDDEF_H -DHAVE_SYS_UTSNAME_H -arch arm64 -Wl,-search_paths_first -Wl,-headerpad_max_install_names CMakeFiles/cmTC_65ce6.dir/CurlTests.c.o -o cmTC_65ce6


Performing Curl Test HAVE_BOOL_T passed with the following output:
Change Dir: '/Users/hashim/Coding/other/mcpelauncher-manifest/build-macos/curl_ext-prefix/src/curl_ext-build/CMakeFiles/CMakeTmp'

Run Build Command(s): /opt/homebrew/bin/cmake -E env VERBOSE=1 /usr/bin/make -f Makefile cmTC_2c3ed/fast
/Applications/Xcode.app/Contents/Developer/usr/bin/make  -f CMakeFiles/cmTC_2c3ed.dir/build.make CMakeFiles/cmTC_2c3ed.dir/build
Building C object CMakeFiles/cmTC_2c3ed.dir/CurlTests.c.o
/usr/bin/cc   -pedantic -Wall -W -Wpointer-arith -Wwrite-strings -Wunused -Wshadow -Winline -Wnested-externs -Wmissing-declarations -Wmissing-prototypes -Wfloat-equal -Wsign-compare -Wundef -Wendif-labels -Wstrict-prototypes -Wdeclaration-after-statement -Wcast-align -Wtype-limits -Wempty-body -Wignored-qualifiers -Wconversion -Wvla -Wdouble-promotion -Wenum-conversion -Wno-long-long -Wno-multichar -Wno-format-nonliteral -Wno-sign-conversion -Wno-system-headers -DHAVE_BOOL_T  -DHAVE_INTTYPES_H -DHAVE_SYS_FILIO_H -DHAVE_SYS_IOCTL_H -DHAVE_SYS_PARAM_H -DHAVE_SYS_POLL_H -DHAVE_SYS_RESOURCE_H -DHAVE_SYS_SELECT_H -DHAVE_SYS_SOCKET_H -DHAVE_SYS_SOCKIO_H -DHAVE_SYS_STAT_H -DHAVE_SYS_TIME_H -DHAVE_SYS_TYPES_H -DHAVE_SYS_UN_H -DHAVE_SYS_XATTR_H -DHAVE_ARPA_INET_H -DHAVE_ARPA_TFTP_H -DHAVE_FCNTL_H -DHAVE_IFADDRS_H -DHAVE_LIBGEN_H -DHAVE_LOCALE_H -DHAVE_NET_IF_H -DHAVE_NETDB_H -DHAVE_NETINET_IN_H -DHAVE_NETINET_TCP_H -DHAVE_POLL_H -DHAVE_PWD_H -DHAVE_SETJMP_H -DHAVE_SIGNAL_H -DHAVE_STDATOMIC_H -DHAVE_STDBOOL_H -DHAVE_STDINT_H -DHAVE_STDLIB_H -DHAVE_STRING_H -DHAVE_STRINGS_H -DHAVE_TERMIOS_H -DHAVE_TIME_H -DHAVE_UNISTD_H -DHAVE_UTIME_H -DHAVE_STDDEF_H -DHAVE_SYS_UTSNAME_H -arch arm64 -MD -MT CMakeFiles/cmTC_2c3ed.dir/CurlTests.c.o -MF CMakeFiles/cmTC_2c3ed.dir/CurlTests.c.o.d -o CMakeFiles/cmTC_2c3ed.dir/CurlTests.c.o -c /Users/hashim/Coding/other/mcpelauncher-manifest/build-macos/curl_ext-prefix/src/curl_ext/CMake/CurlTests.c
/Users/hashim/Coding/other/mcpelauncher-manifest/build-macos/curl_ext-prefix/src/curl_ext/CMake/CurlTests.c:171:6: warning: a function declaration without a prototype is deprecated in all versions of C [-Wstrict-prototypes]
  171 | main ()
      |      ^
      |       void
1 warning generated.
Linking C executable cmTC_2c3ed
/opt/homebrew/bin/cmake -E cmake_link_script CMakeFiles/cmTC_2c3ed.dir/link.txt --verbose=1
/usr/bin/cc  -pedantic -Wall -W -Wpointer-arith -Wwrite-strings -Wunused -Wshadow -Winline -Wnested-externs -Wmissing-declarations -Wmissing-prototypes -Wfloat-equal -Wsign-compare -Wundef -Wendif-labels -Wstrict-prototypes -Wdeclaration-after-statement -Wcast-align -Wtype-limits -Wempty-body -Wignored-qualifiers -Wconversion -Wvla -Wdouble-promotion -Wenum-conversion -Wno-long-long -Wno-multichar -Wno-format-nonliteral -Wno-sign-conversion -Wno-system-headers -DHAVE_BOOL_T  -DHAVE_INTTYPES_H -DHAVE_SYS_FILIO_H -DHAVE_SYS_IOCTL_H -DHAVE_SYS_PARAM_H -DHAVE_SYS_POLL_H -DHAVE_SYS_RESOURCE_H -DHAVE_SYS_SELECT_H -DHAVE_SYS_SOCKET_H -DHAVE_SYS_SOCKIO_H -DHAVE_SYS_STAT_H -DHAVE_SYS_TIME_H -DHAVE_SYS_TYPES_H -DHAVE_SYS_UN_H -DHAVE_SYS_XATTR_H -DHAVE_ARPA_INET_H -DHAVE_ARPA_TFTP_H -DHAVE_FCNTL_H -DHAVE_IFADDRS_H -DHAVE_LIBGEN_H -DHAVE_LOCALE_H -DHAVE_NET_IF_H -DHAVE_NETDB_H -DHAVE_NETINET_IN_H -DHAVE_NETINET_TCP_H -DHAVE_POLL_H -DHAVE_PWD_H -DHAVE_SETJMP_H -DHAVE_SIGNAL_H -DHAVE_STDATOMIC_H -DHAVE_STDBOOL_H -DHAVE_STDINT_H -DHAVE_STDLIB_H -DHAVE_STRING_H -DHAVE_STRINGS_H -DHAVE_TERMIOS_H -DHAVE_TIME_H -DHAVE_UNISTD_H -DHAVE_UTIME_H -DHAVE_STDDEF_H -DHAVE_SYS_UTSNAME_H -arch arm64 -Wl,-search_paths_first -Wl,-headerpad_max_install_names CMakeFiles/cmTC_2c3ed.dir/CurlTests.c.o -o cmTC_2c3ed


Performing Curl Test STDC_HEADERS passed with the following output:
Change Dir: '/Users/hashim/Coding/other/mcpelauncher-manifest/build-macos/curl_ext-prefix/src/curl_ext-build/CMakeFiles/CMakeTmp'

Run Build Command(s): /opt/homebrew/bin/cmake -E env VERBOSE=1 /usr/bin/make -f Makefile cmTC_10564/fast
/Applications/Xcode.app/Contents/Developer/usr/bin/make  -f CMakeFiles/cmTC_10564.dir/build.make CMakeFiles/cmTC_10564.dir/build
Building C object CMakeFiles/cmTC_10564.dir/CurlTests.c.o
/usr/bin/cc   -pedantic -Wall -W -Wpointer-arith -Wwrite-strings -Wunused -Wshadow -Winline -Wnested-externs -Wmissing-declarations -Wmissing-prototypes -Wfloat-equal -Wsign-compare -Wundef -Wendif-labels -Wstrict-prototypes -Wdeclaration-after-statement -Wcast-align -Wtype-limits -Wempty-body -Wignored-qualifiers -Wconversion -Wvla -Wdouble-promotion -Wenum-conversion -Wno-long-long -Wno-multichar -Wno-format-nonliteral -Wno-sign-conversion -Wno-system-headers -DSTDC_HEADERS  -DHAVE_INTTYPES_H -DHAVE_SYS_FILIO_H -DHAVE_SYS_IOCTL_H -DHAVE_SYS_PARAM_H -DHAVE_SYS_POLL_H -DHAVE_SYS_RESOURCE_H -DHAVE_SYS_SELECT_H -DHAVE_SYS_SOCKET_H -DHAVE_SYS_SOCKIO_H -DHAVE_SYS_STAT_H -DHAVE_SYS_TIME_H -DHAVE_SYS_TYPES_H -DHAVE_SYS_UN_H -DHAVE_SYS_XATTR_H -DHAVE_ARPA_INET_H -DHAVE_ARPA_TFTP_H -DHAVE_FCNTL_H -DHAVE_IFADDRS_H -DHAVE_LIBGEN_H -DHAVE_LOCALE_H -DHAVE_NET_IF_H -DHAVE_NETDB_H -DHAVE_NETINET_IN_H -DHAVE_NETINET_TCP_H -DHAVE_POLL_H -DHAVE_PWD_H -DHAVE_SETJMP_H -DHAVE_SIGNAL_H -DHAVE_STDATOMIC_H -DHAVE_STDBOOL_H -DHAVE_STDINT_H -DHAVE_STDLIB_H -DHAVE_STRING_H -DHAVE_STRINGS_H -DHAVE_TERMIOS_H -DHAVE_TIME_H -DHAVE_UNISTD_H -DHAVE_UTIME_H -DHAVE_STDDEF_H -DHAVE_SYS_UTSNAME_H -arch arm64 -MD -MT CMakeFiles/cmTC_10564.dir/CurlTests.c.o -MF CMakeFiles/cmTC_10564.dir/CurlTests.c.o.d -o CMakeFiles/cmTC_10564.dir/CurlTests.c.o -c /Users/hashim/Coding/other/mcpelauncher-manifest/build-macos/curl_ext-prefix/src/curl_ext/CMake/CurlTests.c
/Users/hashim/Coding/other/mcpelauncher-manifest/build-macos/curl_ext-prefix/src/curl_ext/CMake/CurlTests.c:185:9: warning: a function declaration without a prototype is deprecated in all versions of C [-Wstrict-prototypes]
  185 | int main() { return 0; }
      |         ^
      |          void
1 warning generated.
Linking C executable cmTC_10564
/opt/homebrew/bin/cmake -E cmake_link_script CMakeFiles/cmTC_10564.dir/link.txt --verbose=1
/usr/bin/cc  -pedantic -Wall -W -Wpointer-arith -Wwrite-strings -Wunused -Wshadow -Winline -Wnested-externs -Wmissing-declarations -Wmissing-prototypes -Wfloat-equal -Wsign-compare -Wundef -Wendif-labels -Wstrict-prototypes -Wdeclaration-after-statement -Wcast-align -Wtype-limits -Wempty-body -Wignored-qualifiers -Wconversion -Wvla -Wdouble-promotion -Wenum-conversion -Wno-long-long -Wno-multichar -Wno-format-nonliteral -Wno-sign-conversion -Wno-system-headers -DSTDC_HEADERS  -DHAVE_INTTYPES_H -DHAVE_SYS_FILIO_H -DHAVE_SYS_IOCTL_H -DHAVE_SYS_PARAM_H -DHAVE_SYS_POLL_H -DHAVE_SYS_RESOURCE_H -DHAVE_SYS_SELECT_H -DHAVE_SYS_SOCKET_H -DHAVE_SYS_SOCKIO_H -DHAVE_SYS_STAT_H -DHAVE_SYS_TIME_H -DHAVE_SYS_TYPES_H -DHAVE_SYS_UN_H -DHAVE_SYS_XATTR_H -DHAVE_ARPA_INET_H -DHAVE_ARPA_TFTP_H -DHAVE_FCNTL_H -DHAVE_IFADDRS_H -DHAVE_LIBGEN_H -DHAVE_LOCALE_H -DHAVE_NET_IF_H -DHAVE_NETDB_H -DHAVE_NETINET_IN_H -DHAVE_NETINET_TCP_H -DHAVE_POLL_H -DHAVE_PWD_H -DHAVE_SETJMP_H -DHAVE_SIGNAL_H -DHAVE_STDATOMIC_H -DHAVE_STDBOOL_H -DHAVE_STDINT_H -DHAVE_STDLIB_H -DHAVE_STRING_H -DHAVE_STRINGS_H -DHAVE_TERMIOS_H -DHAVE_TIME_H -DHAVE_UNISTD_H -DHAVE_UTIME_H -DHAVE_STDDEF_H -DHAVE_SYS_UTSNAME_H -arch arm64 -Wl,-search_paths_first -Wl,-headerpad_max_install_names CMakeFiles/cmTC_10564.dir/CurlTests.c.o -o cmTC_10564


Performing Curl Test HAVE_FILE_OFFSET_BITS passed with the following output:
Change Dir: '/Users/hashim/Coding/other/mcpelauncher-manifest/build-macos/curl_ext-prefix/src/curl_ext-build/CMakeFiles/CMakeTmp'

Run Build Command(s): /opt/homebrew/bin/cmake -E env VERBOSE=1 /usr/bin/make -f Makefile cmTC_1f5da/fast
/Applications/Xcode.app/Contents/Developer/usr/bin/make  -f CMakeFiles/cmTC_1f5da.dir/build.make CMakeFiles/cmTC_1f5da.dir/build
Building C object CMakeFiles/cmTC_1f5da.dir/CurlTests.c.o
/usr/bin/cc   -pedantic -Wall -W -Wpointer-arith -Wwrite-strings -Wunused -Wshadow -Winline -Wnested-externs -Wmissing-declarations -Wmissing-prototypes -Wfloat-equal -Wsign-compare -Wundef -Wendif-labels -Wstrict-prototypes -Wdeclaration-after-statement -Wcast-align -Wtype-limits -Wempty-body -Wignored-qualifiers -Wconversion -Wvla -Wdouble-promotion -Wenum-conversion -Wno-long-long -Wno-multichar -Wno-format-nonliteral -Wno-sign-conversion -Wno-system-headers -DHAVE_FILE_OFFSET_BITS  -DHAVE_INTTYPES_H -DHAVE_SYS_FILIO_H -DHAVE_SYS_IOCTL_H -DHAVE_SYS_PARAM_H -DHAVE_SYS_POLL_H -DHAVE_SYS_RESOURCE_H -DHAVE_SYS_SELECT_H -DHAVE_SYS_SOCKET_H -DHAVE_SYS_SOCKIO_H -DHAVE_SYS_STAT_H -DHAVE_SYS_TIME_H -DHAVE_SYS_TYPES_H -DHAVE_SYS_UN_H -DHAVE_SYS_XATTR_H -DHAVE_ARPA_INET_H -DHAVE_ARPA_TFTP_H -DHAVE_FCNTL_H -DHAVE_IFADDRS_H -DHAVE_LIBGEN_H -DHAVE_LOCALE_H -DHAVE_NET_IF_H -DHAVE_NETDB_H -DHAVE_NETINET_IN_H -DHAVE_NETINET_TCP_H -DHAVE_POLL_H -DHAVE_PWD_H -DHAVE_SETJMP_H -DHAVE_SIGNAL_H -DHAVE_STDATOMIC_H -DHAVE_STDBOOL_H -DHAVE_STDINT_H -DHAVE_STDLIB_H -DHAVE_STRING_H -DHAVE_STRINGS_H -DHAVE_TERMIOS_H -DHAVE_TIME_H -DHAVE_UNISTD_H -DHAVE_UTIME_H -DHAVE_STDDEF_H -DHAVE_SYS_UTSNAME_H -arch arm64 -MD -MT CMakeFiles/cmTC_1f5da.dir/CurlTests.c.o -MF CMakeFiles/cmTC_1f5da.dir/CurlTests.c.o.d -o CMakeFiles/cmTC_1f5da.dir/CurlTests.c.o -c /Users/hashim/Coding/other/mcpelauncher-manifest/build-macos/curl_ext-prefix/src/curl_ext/CMake/CurlTests.c
/Users/hashim/Coding/other/mcpelauncher-manifest/build-macos/curl_ext-prefix/src/curl_ext/CMake/CurlTests.c:201:10: warning: a function declaration without a prototype is deprecated in all versions of C [-Wstrict-prototypes]
  201 | int main () { ; return 0; }
      |          ^
      |           void
1 warning generated.
Linking C executable cmTC_1f5da
/opt/homebrew/bin/cmake -E cmake_link_script CMakeFiles/cmTC_1f5da.dir/link.txt --verbose=1
/usr/bin/cc  -pedantic -Wall -W -Wpointer-arith -Wwrite-strings -Wunused -Wshadow -Winline -Wnested-externs -Wmissing-declarations -Wmissing-prototypes -Wfloat-equal -Wsign-compare -Wundef -Wendif-labels -Wstrict-prototypes -Wdeclaration-after-statement -Wcast-align -Wtype-limits -Wempty-body -Wignored-qualifiers -Wconversion -Wvla -Wdouble-promotion -Wenum-conversion -Wno-long-long -Wno-multichar -Wno-format-nonliteral -Wno-sign-conversion -Wno-system-headers -DHAVE_FILE_OFFSET_BITS  -DHAVE_INTTYPES_H -DHAVE_SYS_FILIO_H -DHAVE_SYS_IOCTL_H -DHAVE_SYS_PARAM_H -DHAVE_SYS_POLL_H -DHAVE_SYS_RESOURCE_H -DHAVE_SYS_SELECT_H -DHAVE_SYS_SOCKET_H -DHAVE_SYS_SOCKIO_H -DHAVE_SYS_STAT_H -DHAVE_SYS_TIME_H -DHAVE_SYS_TYPES_H -DHAVE_SYS_UN_H -DHAVE_SYS_XATTR_H -DHAVE_ARPA_INET_H -DHAVE_ARPA_TFTP_H -DHAVE_FCNTL_H -DHAVE_IFADDRS_H -DHAVE_LIBGEN_H -DHAVE_LOCALE_H -DHAVE_NET_IF_H -DHAVE_NETDB_H -DHAVE_NETINET_IN_H -DHAVE_NETINET_TCP_H -DHAVE_POLL_H -DHAVE_PWD_H -DHAVE_SETJMP_H -DHAVE_SIGNAL_H -DHAVE_STDATOMIC_H -DHAVE_STDBOOL_H -DHAVE_STDINT_H -DHAVE_STDLIB_H -DHAVE_STRING_H -DHAVE_STRINGS_H -DHAVE_TERMIOS_H -DHAVE_TIME_H -DHAVE_UNISTD_H -DHAVE_UTIME_H -DHAVE_STDDEF_H -DHAVE_SYS_UTSNAME_H -arch arm64 -Wl,-search_paths_first -Wl,-headerpad_max_install_names CMakeFiles/cmTC_1f5da.dir/CurlTests.c.o -o cmTC_1f5da


Performing Curl Test HAVE_VARIADIC_MACROS_C99 passed with the following output:
Change Dir: '/Users/hashim/Coding/other/mcpelauncher-manifest/build-macos/curl_ext-prefix/src/curl_ext-build/CMakeFiles/CMakeTmp'

Run Build Command(s): /opt/homebrew/bin/cmake -E env VERBOSE=1 /usr/bin/make -f Makefile cmTC_e33c4/fast
/Applications/Xcode.app/Contents/Developer/usr/bin/make  -f CMakeFiles/cmTC_e33c4.dir/build.make CMakeFiles/cmTC_e33c4.dir/build
Building C object CMakeFiles/cmTC_e33c4.dir/CurlTests.c.o
/usr/bin/cc   -pedantic -Wall -W -Wpointer-arith -Wwrite-strings -Wunused -Wshadow -Winline -Wnested-externs -Wmissing-declarations -Wmissing-prototypes -Wfloat-equal -Wsign-compare -Wundef -Wendif-labels -Wstrict-prototypes -Wdeclaration-after-statement -Wcast-align -Wtype-limits -Wempty-body -Wignored-qualifiers -Wconversion -Wvla -Wdouble-promotion -Wenum-conversion -Wno-long-long -Wno-multichar -Wno-format-nonliteral -Wno-sign-conversion -Wno-system-headers -DHAVE_VARIADIC_MACROS_C99  -DHAVE_INTTYPES_H -DHAVE_SYS_FILIO_H -DHAVE_SYS_IOCTL_H -DHAVE_SYS_PARAM_H -DHAVE_SYS_POLL_H -DHAVE_SYS_RESOURCE_H -DHAVE_SYS_SELECT_H -DHAVE_SYS_SOCKET_H -DHAVE_SYS_SOCKIO_H -DHAVE_SYS_STAT_H -DHAVE_SYS_TIME_H -DHAVE_SYS_TYPES_H -DHAVE_SYS_UN_H -DHAVE_SYS_XATTR_H -DHAVE_ARPA_INET_H -DHAVE_ARPA_TFTP_H -DHAVE_FCNTL_H -DHAVE_IFADDRS_H -DHAVE_LIBGEN_H -DHAVE_LOCALE_H -DHAVE_NET_IF_H -DHAVE_NETDB_H -DHAVE_NETINET_IN_H -DHAVE_NETINET_TCP_H -DHAVE_POLL_H -DHAVE_PWD_H -DHAVE_SETJMP_H -DHAVE_SIGNAL_H -DHAVE_STDATOMIC_H -DHAVE_STDBOOL_H -DHAVE_STDINT_H -DHAVE_STDLIB_H -DHAVE_STRING_H -DHAVE_STRINGS_H -DHAVE_TERMIOS_H -DHAVE_TIME_H -DHAVE_UNISTD_H -DHAVE_UTIME_H -DHAVE_STDDEF_H -DHAVE_SYS_UTSNAME_H -arch arm64 -MD -MT CMakeFiles/cmTC_e33c4.dir/CurlTests.c.o -MF CMakeFiles/cmTC_e33c4.dir/CurlTests.c.o.d -o CMakeFiles/cmTC_e33c4.dir/CurlTests.c.o -c /Users/hashim/Coding/other/mcpelauncher-manifest/build-macos/curl_ext-prefix/src/curl_ext/CMake/CurlTests.c
/Users/hashim/Coding/other/mcpelauncher-manifest/build-macos/curl_ext-prefix/src/curl_ext/CMake/CurlTests.c:466:5: warning: a function declaration without a prototype is deprecated in all versions of C [-Wstrict-prototypes]
  466 | main() {
      |     ^
      |      void
1 warning generated.
Linking C executable cmTC_e33c4
/opt/homebrew/bin/cmake -E cmake_link_script CMakeFiles/cmTC_e33c4.dir/link.txt --verbose=1
/usr/bin/cc  -pedantic -Wall -W -Wpointer-arith -Wwrite-strings -Wunused -Wshadow -Winline -Wnested-externs -Wmissing-declarations -Wmissing-prototypes -Wfloat-equal -Wsign-compare -Wundef -Wendif-labels -Wstrict-prototypes -Wdeclaration-after-statement -Wcast-align -Wtype-limits -Wempty-body -Wignored-qualifiers -Wconversion -Wvla -Wdouble-promotion -Wenum-conversion -Wno-long-long -Wno-multichar -Wno-format-nonliteral -Wno-sign-conversion -Wno-system-headers -DHAVE_VARIADIC_MACROS_C99  -DHAVE_INTTYPES_H -DHAVE_SYS_FILIO_H -DHAVE_SYS_IOCTL_H -DHAVE_SYS_PARAM_H -DHAVE_SYS_POLL_H -DHAVE_SYS_RESOURCE_H -DHAVE_SYS_SELECT_H -DHAVE_SYS_SOCKET_H -DHAVE_SYS_SOCKIO_H -DHAVE_SYS_STAT_H -DHAVE_SYS_TIME_H -DHAVE_SYS_TYPES_H -DHAVE_SYS_UN_H -DHAVE_SYS_XATTR_H -DHAVE_ARPA_INET_H -DHAVE_ARPA_TFTP_H -DHAVE_FCNTL_H -DHAVE_IFADDRS_H -DHAVE_LIBGEN_H -DHAVE_LOCALE_H -DHAVE_NET_IF_H -DHAVE_NETDB_H -DHAVE_NETINET_IN_H -DHAVE_NETINET_TCP_H -DHAVE_POLL_H -DHAVE_PWD_H -DHAVE_SETJMP_H -DHAVE_SIGNAL_H -DHAVE_STDATOMIC_H -DHAVE_STDBOOL_H -DHAVE_STDINT_H -DHAVE_STDLIB_H -DHAVE_STRING_H -DHAVE_STRINGS_H -DHAVE_TERMIOS_H -DHAVE_TIME_H -DHAVE_UNISTD_H -DHAVE_UTIME_H -DHAVE_STDDEF_H -DHAVE_SYS_UTSNAME_H -arch arm64 -Wl,-search_paths_first -Wl,-headerpad_max_install_names CMakeFiles/cmTC_e33c4.dir/CurlTests.c.o -o cmTC_e33c4


Performing Curl Test HAVE_VARIADIC_MACROS_GCC passed with the following output:
Change Dir: '/Users/hashim/Coding/other/mcpelauncher-manifest/build-macos/curl_ext-prefix/src/curl_ext-build/CMakeFiles/CMakeTmp'

Run Build Command(s): /opt/homebrew/bin/cmake -E env VERBOSE=1 /usr/bin/make -f Makefile cmTC_f1aa0/fast
/Applications/Xcode.app/Contents/Developer/usr/bin/make  -f CMakeFiles/cmTC_f1aa0.dir/build.make CMakeFiles/cmTC_f1aa0.dir/build
Building C object CMakeFiles/cmTC_f1aa0.dir/CurlTests.c.o
/usr/bin/cc   -pedantic -Wall -W -Wpointer-arith -Wwrite-strings -Wunused -Wshadow -Winline -Wnested-externs -Wmissing-declarations -Wmissing-prototypes -Wfloat-equal -Wsign-compare -Wundef -Wendif-labels -Wstrict-prototypes -Wdeclaration-after-statement -Wcast-align -Wtype-limits -Wempty-body -Wignored-qualifiers -Wconversion -Wvla -Wdouble-promotion -Wenum-conversion -Wno-long-long -Wno-multichar -Wno-format-nonliteral -Wno-sign-conversion -Wno-system-headers -DHAVE_VARIADIC_MACROS_GCC  -DHAVE_INTTYPES_H -DHAVE_SYS_FILIO_H -DHAVE_SYS_IOCTL_H -DHAVE_SYS_PARAM_H -DHAVE_SYS_POLL_H -DHAVE_SYS_RESOURCE_H -DHAVE_SYS_SELECT_H -DHAVE_SYS_SOCKET_H -DHAVE_SYS_SOCKIO_H -DHAVE_SYS_STAT_H -DHAVE_SYS_TIME_H -DHAVE_SYS_TYPES_H -DHAVE_SYS_UN_H -DHAVE_SYS_XATTR_H -DHAVE_ARPA_INET_H -DHAVE_ARPA_TFTP_H -DHAVE_FCNTL_H -DHAVE_IFADDRS_H -DHAVE_LIBGEN_H -DHAVE_LOCALE_H -DHAVE_NET_IF_H -DHAVE_NETDB_H -DHAVE_NETINET_IN_H -DHAVE_NETINET_TCP_H -DHAVE_POLL_H -DHAVE_PWD_H -DHAVE_SETJMP_H -DHAVE_SIGNAL_H -DHAVE_STDATOMIC_H -DHAVE_STDBOOL_H -DHAVE_STDINT_H -DHAVE_STDLIB_H -DHAVE_STRING_H -DHAVE_STRINGS_H -DHAVE_TERMIOS_H -DHAVE_TIME_H -DHAVE_UNISTD_H -DHAVE_UTIME_H -DHAVE_STDDEF_H -DHAVE_SYS_UTSNAME_H -arch arm64 -MD -MT CMakeFiles/cmTC_f1aa0.dir/CurlTests.c.o -MF CMakeFiles/cmTC_f1aa0.dir/CurlTests.c.o.d -o CMakeFiles/cmTC_f1aa0.dir/CurlTests.c.o -c /Users/hashim/Coding/other/mcpelauncher-manifest/build-macos/curl_ext-prefix/src/curl_ext/CMake/CurlTests.c
/Users/hashim/Coding/other/mcpelauncher-manifest/build-macos/curl_ext-prefix/src/curl_ext/CMake/CurlTests.c:475:32: warning: named variadic macros are a GNU extension [-Wvariadic-macros]
  475 | #define gcc_vmacro3(first, args...) fun3(first, args)
      |                                ^
/Users/hashim/Coding/other/mcpelauncher-manifest/build-macos/curl_ext-prefix/src/curl_ext/CMake/CurlTests.c:476:32: warning: named variadic macros are a GNU extension [-Wvariadic-macros]
  476 | #define gcc_vmacro2(first, args...) fun2(first, args)
      |                                ^
/Users/hashim/Coding/other/mcpelauncher-manifest/build-macos/curl_ext-prefix/src/curl_ext/CMake/CurlTests.c:489:5: warning: a function declaration without a prototype is deprecated in all versions of C [-Wstrict-prototypes]
  489 | main() {
      |     ^
      |      void
3 warnings generated.
Linking C executable cmTC_f1aa0
/opt/homebrew/bin/cmake -E cmake_link_script CMakeFiles/cmTC_f1aa0.dir/link.txt --verbose=1
/usr/bin/cc  -pedantic -Wall -W -Wpointer-arith -Wwrite-strings -Wunused -Wshadow -Winline -Wnested-externs -Wmissing-declarations -Wmissing-prototypes -Wfloat-equal -Wsign-compare -Wundef -Wendif-labels -Wstrict-prototypes -Wdeclaration-after-statement -Wcast-align -Wtype-limits -Wempty-body -Wignored-qualifiers -Wconversion -Wvla -Wdouble-promotion -Wenum-conversion -Wno-long-long -Wno-multichar -Wno-format-nonliteral -Wno-sign-conversion -Wno-system-headers -DHAVE_VARIADIC_MACROS_GCC  -DHAVE_INTTYPES_H -DHAVE_SYS_FILIO_H -DHAVE_SYS_IOCTL_H -DHAVE_SYS_PARAM_H -DHAVE_SYS_POLL_H -DHAVE_SYS_RESOURCE_H -DHAVE_SYS_SELECT_H -DHAVE_SYS_SOCKET_H -DHAVE_SYS_SOCKIO_H -DHAVE_SYS_STAT_H -DHAVE_SYS_TIME_H -DHAVE_SYS_TYPES_H -DHAVE_SYS_UN_H -DHAVE_SYS_XATTR_H -DHAVE_ARPA_INET_H -DHAVE_ARPA_TFTP_H -DHAVE_FCNTL_H -DHAVE_IFADDRS_H -DHAVE_LIBGEN_H -DHAVE_LOCALE_H -DHAVE_NET_IF_H -DHAVE_NETDB_H -DHAVE_NETINET_IN_H -DHAVE_NETINET_TCP_H -DHAVE_POLL_H -DHAVE_PWD_H -DHAVE_SETJMP_H -DHAVE_SIGNAL_H -DHAVE_STDATOMIC_H -DHAVE_STDBOOL_H -DHAVE_STDINT_H -DHAVE_STDLIB_H -DHAVE_STRING_H -DHAVE_STRINGS_H -DHAVE_TERMIOS_H -DHAVE_TIME_H -DHAVE_UNISTD_H -DHAVE_UTIME_H -DHAVE_STDDEF_H -DHAVE_SYS_UTSNAME_H -arch arm64 -Wl,-search_paths_first -Wl,-headerpad_max_install_names CMakeFiles/cmTC_f1aa0.dir/CurlTests.c.o -o cmTC_f1aa0


Performing Curl Test HAVE_ATOMIC passed with the following output:
Change Dir: '/Users/hashim/Coding/other/mcpelauncher-manifest/build-macos/curl_ext-prefix/src/curl_ext-build/CMakeFiles/CMakeTmp'

Run Build Command(s): /opt/homebrew/bin/cmake -E env VERBOSE=1 /usr/bin/make -f Makefile cmTC_133bb/fast
/Applications/Xcode.app/Contents/Developer/usr/bin/make  -f CMakeFiles/cmTC_133bb.dir/build.make CMakeFiles/cmTC_133bb.dir/build
Building C object CMakeFiles/cmTC_133bb.dir/CurlTests.c.o
/usr/bin/cc   -pedantic -Wall -W -Wpointer-arith -Wwrite-strings -Wunused -Wshadow -Winline -Wnested-externs -Wmissing-declarations -Wmissing-prototypes -Wfloat-equal -Wsign-compare -Wundef -Wendif-labels -Wstrict-prototypes -Wdeclaration-after-statement -Wcast-align -Wtype-limits -Wempty-body -Wignored-qualifiers -Wconversion -Wvla -Wdouble-promotion -Wenum-conversion -Wno-long-long -Wno-multichar -Wno-format-nonliteral -Wno-sign-conversion -Wno-system-headers -DHAVE_ATOMIC  -DHAVE_INTTYPES_H -DHAVE_SYS_FILIO_H -DHAVE_SYS_IOCTL_H -DHAVE_SYS_PARAM_H -DHAVE_SYS_POLL_H -DHAVE_SYS_RESOURCE_H -DHAVE_SYS_SELECT_H -DHAVE_SYS_SOCKET_H -DHAVE_SYS_SOCKIO_H -DHAVE_SYS_STAT_H -DHAVE_SYS_TIME_H -DHAVE_SYS_TYPES_H -DHAVE_SYS_UN_H -DHAVE_SYS_XATTR_H -DHAVE_ARPA_INET_H -DHAVE_ARPA_TFTP_H -DHAVE_FCNTL_H -DHAVE_IFADDRS_H -DHAVE_LIBGEN_H -DHAVE_LOCALE_H -DHAVE_NET_IF_H -DHAVE_NETDB_H -DHAVE_NETINET_IN_H -DHAVE_NETINET_TCP_H -DHAVE_POLL_H -DHAVE_PWD_H -DHAVE_SETJMP_H -DHAVE_SIGNAL_H -DHAVE_STDATOMIC_H -DHAVE_STDBOOL_H -DHAVE_STDINT_H -DHAVE_STDLIB_H -DHAVE_STRING_H -DHAVE_STRINGS_H -DHAVE_TERMIOS_H -DHAVE_TIME_H -DHAVE_UNISTD_H -DHAVE_UTIME_H -DHAVE_STDDEF_H -DHAVE_SYS_UTSNAME_H -arch arm64 -MD -MT CMakeFiles/cmTC_133bb.dir/CurlTests.c.o -MF CMakeFiles/cmTC_133bb.dir/CurlTests.c.o.d -o CMakeFiles/cmTC_133bb.dir/CurlTests.c.o -c /Users/hashim/Coding/other/mcpelauncher-manifest/build-macos/curl_ext-prefix/src/curl_ext/CMake/CurlTests.c
/Users/hashim/Coding/other/mcpelauncher-manifest/build-macos/curl_ext-prefix/src/curl_ext/CMake/CurlTests.c:511:5: warning: a function declaration without a prototype is deprecated in all versions of C [-Wstrict-prototypes]
  511 | main() {
      |     ^
      |      void
1 warning generated.
Linking C executable cmTC_133bb
/opt/homebrew/bin/cmake -E cmake_link_script CMakeFiles/cmTC_133bb.dir/link.txt --verbose=1
/usr/bin/cc  -pedantic -Wall -W -Wpointer-arith -Wwrite-strings -Wunused -Wshadow -Winline -Wnested-externs -Wmissing-declarations -Wmissing-prototypes -Wfloat-equal -Wsign-compare -Wundef -Wendif-labels -Wstrict-prototypes -Wdeclaration-after-statement -Wcast-align -Wtype-limits -Wempty-body -Wignored-qualifiers -Wconversion -Wvla -Wdouble-promotion -Wenum-conversion -Wno-long-long -Wno-multichar -Wno-format-nonliteral -Wno-sign-conversion -Wno-system-headers -DHAVE_ATOMIC  -DHAVE_INTTYPES_H -DHAVE_SYS_FILIO_H -DHAVE_SYS_IOCTL_H -DHAVE_SYS_PARAM_H -DHAVE_SYS_POLL_H -DHAVE_SYS_RESOURCE_H -DHAVE_SYS_SELECT_H -DHAVE_SYS_SOCKET_H -DHAVE_SYS_SOCKIO_H -DHAVE_SYS_STAT_H -DHAVE_SYS_TIME_H -DHAVE_SYS_TYPES_H -DHAVE_SYS_UN_H -DHAVE_SYS_XATTR_H -DHAVE_ARPA_INET_H -DHAVE_ARPA_TFTP_H -DHAVE_FCNTL_H -DHAVE_IFADDRS_H -DHAVE_LIBGEN_H -DHAVE_LOCALE_H -DHAVE_NET_IF_H -DHAVE_NETDB_H -DHAVE_NETINET_IN_H -DHAVE_NETINET_TCP_H -DHAVE_POLL_H -DHAVE_PWD_H -DHAVE_SETJMP_H -DHAVE_SIGNAL_H -DHAVE_STDATOMIC_H -DHAVE_STDBOOL_H -DHAVE_STDINT_H -DHAVE_STDLIB_H -DHAVE_STRING_H -DHAVE_STRINGS_H -DHAVE_TERMIOS_H -DHAVE_TIME_H -DHAVE_UNISTD_H -DHAVE_UTIME_H -DHAVE_STDDEF_H -DHAVE_SYS_UTSNAME_H -arch arm64 -Wl,-search_paths_first -Wl,-headerpad_max_install_names CMakeFiles/cmTC_133bb.dir/CurlTests.c.o -o cmTC_133bb


Performing Curl Test HAVE_POSIX_STRERROR_R passed with the following output:
Change Dir: '/Users/hashim/Coding/other/mcpelauncher-manifest/build-macos/curl_ext-prefix/src/curl_ext-build/CMakeFiles/CMakeTmp'

Run Build Command(s): /opt/homebrew/bin/cmake -E env VERBOSE=1 /usr/bin/make -f Makefile cmTC_2a908/fast
/Applications/Xcode.app/Contents/Developer/usr/bin/make  -f CMakeFiles/cmTC_2a908.dir/build.make CMakeFiles/cmTC_2a908.dir/build
Building C object CMakeFiles/cmTC_2a908.dir/CurlTests.c.o
/usr/bin/cc   -pedantic -Wall -W -Wpointer-arith -Wwrite-strings -Wunused -Wshadow -Winline -Wnested-externs -Wmissing-declarations -Wmissing-prototypes -Wfloat-equal -Wsign-compare -Wundef -Wendif-labels -Wstrict-prototypes -Wdeclaration-after-statement -Wcast-align -Wtype-limits -Wempty-body -Wignored-qualifiers -Wconversion -Wvla -Wdouble-promotion -Wenum-conversion -Wno-long-long -Wno-multichar -Wno-format-nonliteral -Wno-sign-conversion -Wno-system-headers -DHAVE_POSIX_STRERROR_R  -DHAVE_INTTYPES_H -DHAVE_SYS_FILIO_H -DHAVE_SYS_IOCTL_H -DHAVE_SYS_PARAM_H -DHAVE_SYS_POLL_H -DHAVE_SYS_RESOURCE_H -DHAVE_SYS_SELECT_H -DHAVE_SYS_SOCKET_H -DHAVE_SYS_SOCKIO_H -DHAVE_SYS_STAT_H -DHAVE_SYS_TIME_H -DHAVE_SYS_TYPES_H -DHAVE_SYS_UN_H -DHAVE_SYS_XATTR_H -DHAVE_ARPA_INET_H -DHAVE_ARPA_TFTP_H -DHAVE_FCNTL_H -DHAVE_IFADDRS_H -DHAVE_LIBGEN_H -DHAVE_LOCALE_H -DHAVE_NET_IF_H -DHAVE_NETDB_H -DHAVE_NETINET_IN_H -DHAVE_NETINET_TCP_H -DHAVE_POLL_H -DHAVE_PWD_H -DHAVE_SETJMP_H -DHAVE_SIGNAL_H -DHAVE_STDATOMIC_H -DHAVE_STDBOOL_H -DHAVE_STDINT_H -DHAVE_STDLIB_H -DHAVE_STRING_H -DHAVE_STRINGS_H -DHAVE_TERMIOS_H -DHAVE_TIME_H -DHAVE_UNISTD_H -DHAVE_UTIME_H -DHAVE_STDDEF_H -DHAVE_SYS_UTSNAME_H -arch arm64 -MD -MT CMakeFiles/cmTC_2a908.dir/CurlTests.c.o -MF CMakeFiles/cmTC_2a908.dir/CurlTests.c.o.d -o CMakeFiles/cmTC_2a908.dir/CurlTests.c.o -c /Users/hashim/Coding/other/mcpelauncher-manifest/build-macos/curl_ext-prefix/src/curl_ext/CMake/CurlTests.c
/Users/hashim/Coding/other/mcpelauncher-manifest/build-macos/curl_ext-prefix/src/curl_ext/CMake/CurlTests.c:409:18: warning: unused parameter 'f' [-Wunused-parameter]
  409 | void check(float f) {}
      |                  ^
/Users/hashim/Coding/other/mcpelauncher-manifest/build-macos/curl_ext-prefix/src/curl_ext/CMake/CurlTests.c:409:6: warning: no previous prototype for function 'check' [-Wmissing-prototypes]
  409 | void check(float f) {}
      |      ^
/Users/hashim/Coding/other/mcpelauncher-manifest/build-macos/curl_ext-prefix/src/curl_ext/CMake/CurlTests.c:409:1: note: declare 'static' if the function is not intended to be used outside of this translation unit
  409 | void check(float f) {}
      | ^
      | static 
/Users/hashim/Coding/other/mcpelauncher-manifest/build-macos/curl_ext-prefix/src/curl_ext/CMake/CurlTests.c:412:6: warning: a function declaration without a prototype is deprecated in all versions of C [-Wstrict-prototypes]
  412 | main () {
      |      ^
      |       void
/Users/hashim/Coding/other/mcpelauncher-manifest/build-macos/curl_ext-prefix/src/curl_ext/CMake/CurlTests.c:415:9: warning: implicit conversion from 'int' to 'float' may lose precision [-Wimplicit-int-float-conversion]
  415 |   check(strerror_r(EACCES, buffer, sizeof(buffer)));
      |   ~~~~~ ^~~~~~~~~~~~~~~~~~~~~~~~~~~~~~~~~~~~~~~~~~
4 warnings generated.
Linking C executable cmTC_2a908
/opt/homebrew/bin/cmake -E cmake_link_script CMakeFiles/cmTC_2a908.dir/link.txt --verbose=1
/usr/bin/cc  -pedantic -Wall -W -Wpointer-arith -Wwrite-strings -Wunused -Wshadow -Winline -Wnested-externs -Wmissing-declarations -Wmissing-prototypes -Wfloat-equal -Wsign-compare -Wundef -Wendif-labels -Wstrict-prototypes -Wdeclaration-after-statement -Wcast-align -Wtype-limits -Wempty-body -Wignored-qualifiers -Wconversion -Wvla -Wdouble-promotion -Wenum-conversion -Wno-long-long -Wno-multichar -Wno-format-nonliteral -Wno-sign-conversion -Wno-system-headers -DHAVE_POSIX_STRERROR_R  -DHAVE_INTTYPES_H -DHAVE_SYS_FILIO_H -DHAVE_SYS_IOCTL_H -DHAVE_SYS_PARAM_H -DHAVE_SYS_POLL_H -DHAVE_SYS_RESOURCE_H -DHAVE_SYS_SELECT_H -DHAVE_SYS_SOCKET_H -DHAVE_SYS_SOCKIO_H -DHAVE_SYS_STAT_H -DHAVE_SYS_TIME_H -DHAVE_SYS_TYPES_H -DHAVE_SYS_UN_H -DHAVE_SYS_XATTR_H -DHAVE_ARPA_INET_H -DHAVE_ARPA_TFTP_H -DHAVE_FCNTL_H -DHAVE_IFADDRS_H -DHAVE_LIBGEN_H -DHAVE_LOCALE_H -DHAVE_NET_IF_H -DHAVE_NETDB_H -DHAVE_NETINET_IN_H -DHAVE_NETINET_TCP_H -DHAVE_POLL_H -DHAVE_PWD_H -DHAVE_SETJMP_H -DHAVE_SIGNAL_H -DHAVE_STDATOMIC_H -DHAVE_STDBOOL_H -DHAVE_STDINT_H -DHAVE_STDLIB_H -DHAVE_STRING_H -DHAVE_STRINGS_H -DHAVE_TERMIOS_H -DHAVE_TIME_H -DHAVE_UNISTD_H -DHAVE_UTIME_H -DHAVE_STDDEF_H -DHAVE_SYS_UTSNAME_H -arch arm64 -Wl,-search_paths_first -Wl,-headerpad_max_install_names CMakeFiles/cmTC_2a908.dir/CurlTests.c.o -o cmTC_2a908


Performing Curl Test HAVE_CLOCK_GETTIME_MONOTONIC passed with the following output:
Change Dir: '/Users/hashim/Coding/other/mcpelauncher-manifest/build-macos/curl_ext-prefix/src/curl_ext-build/CMakeFiles/CMakeTmp'

Run Build Command(s): /opt/homebrew/bin/cmake -E env VERBOSE=1 /usr/bin/make -f Makefile cmTC_effcb/fast
/Applications/Xcode.app/Contents/Developer/usr/bin/make  -f CMakeFiles/cmTC_effcb.dir/build.make CMakeFiles/cmTC_effcb.dir/build
Building C object CMakeFiles/cmTC_effcb.dir/CurlTests.c.o
/usr/bin/cc   -pedantic -Wall -W -Wpointer-arith -Wwrite-strings -Wunused -Wshadow -Winline -Wnested-externs -Wmissing-declarations -Wmissing-prototypes -Wfloat-equal -Wsign-compare -Wundef -Wendif-labels -Wstrict-prototypes -Wdeclaration-after-statement -Wcast-align -Wtype-limits -Wempty-body -Wignored-qualifiers -Wconversion -Wvla -Wdouble-promotion -Wenum-conversion -Wno-long-long -Wno-multichar -Wno-format-nonliteral -Wno-sign-conversion -Wno-system-headers -DHAVE_CLOCK_GETTIME_MONOTONIC  -DHAVE_INTTYPES_H -DHAVE_SYS_FILIO_H -DHAVE_SYS_IOCTL_H -DHAVE_SYS_PARAM_H -DHAVE_SYS_POLL_H -DHAVE_SYS_RESOURCE_H -DHAVE_SYS_SELECT_H -DHAVE_SYS_SOCKET_H -DHAVE_SYS_SOCKIO_H -DHAVE_SYS_STAT_H -DHAVE_SYS_TIME_H -DHAVE_SYS_TYPES_H -DHAVE_SYS_UN_H -DHAVE_SYS_XATTR_H -DHAVE_ARPA_INET_H -DHAVE_ARPA_TFTP_H -DHAVE_FCNTL_H -DHAVE_IFADDRS_H -DHAVE_LIBGEN_H -DHAVE_LOCALE_H -DHAVE_NET_IF_H -DHAVE_NETDB_H -DHAVE_NETINET_IN_H -DHAVE_NETINET_TCP_H -DHAVE_POLL_H -DHAVE_PWD_H -DHAVE_SETJMP_H -DHAVE_SIGNAL_H -DHAVE_STDATOMIC_H -DHAVE_STDBOOL_H -DHAVE_STDINT_H -DHAVE_STDLIB_H -DHAVE_STRING_H -DHAVE_STRINGS_H -DHAVE_TERMIOS_H -DHAVE_TIME_H -DHAVE_UNISTD_H -DHAVE_UTIME_H -DHAVE_STDDEF_H -DHAVE_SYS_UTSNAME_H -arch arm64 -MD -MT CMakeFiles/cmTC_effcb.dir/CurlTests.c.o -MF CMakeFiles/cmTC_effcb.dir/CurlTests.c.o.d -o CMakeFiles/cmTC_effcb.dir/CurlTests.c.o -c /Users/hashim/Coding/other/mcpelauncher-manifest/build-macos/curl_ext-prefix/src/curl_ext/CMake/CurlTests.c
/Users/hashim/Coding/other/mcpelauncher-manifest/build-macos/curl_ext-prefix/src/curl_ext/CMake/CurlTests.c:438:5: warning: a function declaration without a prototype is deprecated in all versions of C [-Wstrict-prototypes]
  438 | main() {
      |     ^
      |      void
1 warning generated.
Linking C executable cmTC_effcb
/opt/homebrew/bin/cmake -E cmake_link_script CMakeFiles/cmTC_effcb.dir/link.txt --verbose=1
/usr/bin/cc  -pedantic -Wall -W -Wpointer-arith -Wwrite-strings -Wunused -Wshadow -Winline -Wnested-externs -Wmissing-declarations -Wmissing-prototypes -Wfloat-equal -Wsign-compare -Wundef -Wendif-labels -Wstrict-prototypes -Wdeclaration-after-statement -Wcast-align -Wtype-limits -Wempty-body -Wignored-qualifiers -Wconversion -Wvla -Wdouble-promotion -Wenum-conversion -Wno-long-long -Wno-multichar -Wno-format-nonliteral -Wno-sign-conversion -Wno-system-headers -DHAVE_CLOCK_GETTIME_MONOTONIC  -DHAVE_INTTYPES_H -DHAVE_SYS_FILIO_H -DHAVE_SYS_IOCTL_H -DHAVE_SYS_PARAM_H -DHAVE_SYS_POLL_H -DHAVE_SYS_RESOURCE_H -DHAVE_SYS_SELECT_H -DHAVE_SYS_SOCKET_H -DHAVE_SYS_SOCKIO_H -DHAVE_SYS_STAT_H -DHAVE_SYS_TIME_H -DHAVE_SYS_TYPES_H -DHAVE_SYS_UN_H -DHAVE_SYS_XATTR_H -DHAVE_ARPA_INET_H -DHAVE_ARPA_TFTP_H -DHAVE_FCNTL_H -DHAVE_IFADDRS_H -DHAVE_LIBGEN_H -DHAVE_LOCALE_H -DHAVE_NET_IF_H -DHAVE_NETDB_H -DHAVE_NETINET_IN_H -DHAVE_NETINET_TCP_H -DHAVE_POLL_H -DHAVE_PWD_H -DHAVE_SETJMP_H -DHAVE_SIGNAL_H -DHAVE_STDATOMIC_H -DHAVE_STDBOOL_H -DHAVE_STDINT_H -DHAVE_STDLIB_H -DHAVE_STRING_H -DHAVE_STRINGS_H -DHAVE_TERMIOS_H -DHAVE_TIME_H -DHAVE_UNISTD_H -DHAVE_UTIME_H -DHAVE_STDDEF_H -DHAVE_SYS_UTSNAME_H -arch arm64 -Wl,-search_paths_first -Wl,-headerpad_max_install_names CMakeFiles/cmTC_effcb.dir/CurlTests.c.o -o cmTC_effcb


Performing Curl Test HAVE_BUILTIN_AVAILABLE passed with the following output:
Change Dir: '/Users/hashim/Coding/other/mcpelauncher-manifest/build-macos/curl_ext-prefix/src/curl_ext-build/CMakeFiles/CMakeTmp'

Run Build Command(s): /opt/homebrew/bin/cmake -E env VERBOSE=1 /usr/bin/make -f Makefile cmTC_7eb37/fast
/Applications/Xcode.app/Contents/Developer/usr/bin/make  -f CMakeFiles/cmTC_7eb37.dir/build.make CMakeFiles/cmTC_7eb37.dir/build
Building C object CMakeFiles/cmTC_7eb37.dir/CurlTests.c.o
/usr/bin/cc   -pedantic -Wall -W -Wpointer-arith -Wwrite-strings -Wunused -Wshadow -Winline -Wnested-externs -Wmissing-declarations -Wmissing-prototypes -Wfloat-equal -Wsign-compare -Wundef -Wendif-labels -Wstrict-prototypes -Wdeclaration-after-statement -Wcast-align -Wtype-limits -Wempty-body -Wignored-qualifiers -Wconversion -Wvla -Wdouble-promotion -Wenum-conversion -Wno-long-long -Wno-multichar -Wno-format-nonliteral -Wno-sign-conversion -Wno-system-headers -DHAVE_BUILTIN_AVAILABLE  -DHAVE_INTTYPES_H -DHAVE_SYS_FILIO_H -DHAVE_SYS_IOCTL_H -DHAVE_SYS_PARAM_H -DHAVE_SYS_POLL_H -DHAVE_SYS_RESOURCE_H -DHAVE_SYS_SELECT_H -DHAVE_SYS_SOCKET_H -DHAVE_SYS_SOCKIO_H -DHAVE_SYS_STAT_H -DHAVE_SYS_TIME_H -DHAVE_SYS_TYPES_H -DHAVE_SYS_UN_H -DHAVE_SYS_XATTR_H -DHAVE_ARPA_INET_H -DHAVE_ARPA_TFTP_H -DHAVE_FCNTL_H -DHAVE_IFADDRS_H -DHAVE_LIBGEN_H -DHAVE_LOCALE_H -DHAVE_NET_IF_H -DHAVE_NETDB_H -DHAVE_NETINET_IN_H -DHAVE_NETINET_TCP_H -DHAVE_POLL_H -DHAVE_PWD_H -DHAVE_SETJMP_H -DHAVE_SIGNAL_H -DHAVE_STDATOMIC_H -DHAVE_STDBOOL_H -DHAVE_STDINT_H -DHAVE_STDLIB_H -DHAVE_STRING_H -DHAVE_STRINGS_H -DHAVE_TERMIOS_H -DHAVE_TIME_H -DHAVE_UNISTD_H -DHAVE_UTIME_H -DHAVE_STDDEF_H -DHAVE_SYS_UTSNAME_H -arch arm64 -MD -MT CMakeFiles/cmTC_7eb37.dir/CurlTests.c.o -MF CMakeFiles/cmTC_7eb37.dir/CurlTests.c.o.d -o CMakeFiles/cmTC_7eb37.dir/CurlTests.c.o -c /Users/hashim/Coding/other/mcpelauncher-manifest/build-macos/curl_ext-prefix/src/curl_ext/CMake/CurlTests.c
/Users/hashim/Coding/other/mcpelauncher-manifest/build-macos/curl_ext-prefix/src/curl_ext/CMake/CurlTests.c:446:5: warning: a function declaration without a prototype is deprecated in all versions of C [-Wstrict-prototypes]
  446 | main() {
      |     ^
      |      void
1 warning generated.
Linking C executable cmTC_7eb37
/opt/homebrew/bin/cmake -E cmake_link_script CMakeFiles/cmTC_7eb37.dir/link.txt --verbose=1
/usr/bin/cc  -pedantic -Wall -W -Wpointer-arith -Wwrite-strings -Wunused -Wshadow -Winline -Wnested-externs -Wmissing-declarations -Wmissing-prototypes -Wfloat-equal -Wsign-compare -Wundef -Wendif-labels -Wstrict-prototypes -Wdeclaration-after-statement -Wcast-align -Wtype-limits -Wempty-body -Wignored-qualifiers -Wconversion -Wvla -Wdouble-promotion -Wenum-conversion -Wno-long-long -Wno-multichar -Wno-format-nonliteral -Wno-sign-conversion -Wno-system-headers -DHAVE_BUILTIN_AVAILABLE  -DHAVE_INTTYPES_H -DHAVE_SYS_FILIO_H -DHAVE_SYS_IOCTL_H -DHAVE_SYS_PARAM_H -DHAVE_SYS_POLL_H -DHAVE_SYS_RESOURCE_H -DHAVE_SYS_SELECT_H -DHAVE_SYS_SOCKET_H -DHAVE_SYS_SOCKIO_H -DHAVE_SYS_STAT_H -DHAVE_SYS_TIME_H -DHAVE_SYS_TYPES_H -DHAVE_SYS_UN_H -DHAVE_SYS_XATTR_H -DHAVE_ARPA_INET_H -DHAVE_ARPA_TFTP_H -DHAVE_FCNTL_H -DHAVE_IFADDRS_H -DHAVE_LIBGEN_H -DHAVE_LOCALE_H -DHAVE_NET_IF_H -DHAVE_NETDB_H -DHAVE_NETINET_IN_H -DHAVE_NETINET_TCP_H -DHAVE_POLL_H -DHAVE_PWD_H -DHAVE_SETJMP_H -DHAVE_SIGNAL_H -DHAVE_STDATOMIC_H -DHAVE_STDBOOL_H -DHAVE_STDINT_H -DHAVE_STDLIB_H -DHAVE_STRING_H -DHAVE_STRINGS_H -DHAVE_TERMIOS_H -DHAVE_TIME_H -DHAVE_UNISTD_H -DHAVE_UTIME_H -DHAVE_STDDEF_H -DHAVE_SYS_UTSNAME_H -arch arm64 -Wl,-search_paths_first -Wl,-headerpad_max_install_names CMakeFiles/cmTC_7eb37.dir/CurlTests.c.o -o cmTC_7eb37


